// Jest Snapshot v1, https://goo.gl/fbAQLP

exports[`PageHeader rendering render without Props 1`] = `
<div
  className="inventory-upload-header"
>
  <ConnectedSettingsWarning />
  <PageTitle />
  <Row
    bsClass="row"
    componentClass="div"
  >
    <Col
      bsClass="col"
      componentClass="div"
      xs={4}
    >
      <Connect(InventoryFilter) />
    </Col>
    <Col
      bsClass="col"
      componentClass="div"
      xs={7}
      xsOffset={1}
    >
      <ToolbarButtons />
    </Col>
  </Row>
</div>
`;
